// Jest Snapshot v1, https://goo.gl/fbAQLP

exports[`<Container/> Snapshot principal 1`] = `
<div
  aria-label="container"
  class="container border my-2"
>
  <div
    class="my-2"
  >
    <div>
      <form>
        <label
          class="w-100"
          style="font-size: 20px;"
        >
          Search: 
          <input
            class="me-3"
            name="inputText"
            type="text"
          />
          <button
            class="btn btn-warning"
            style="height: 31px;"
            type="submit"
          >
            <ion-icon
              name="search"
            />
          </button>
        </label>
      </form>
    </div>
    <div
      class="alert alert-danger"
      role="alert"
      style="margin-top: 150px; margin-bottom: 150px;"
    >
      No images found!!!
    </div>
    <div
      class="d-flex align-items-center"
    >
      <strong>
        Loading...
      </strong>
      <div
        aria-hidden="true"
        class="spinner-border ms-auto"
        role="status"
      />
    </div>
    <div
      aria-label="imagenes"
      class="row my-2"
    />
  </div>
</div>
`;
